version https://git-lfs.github.com/spec/v1
oid sha256:9d3e0cf4e419c4e5eaf2f8acdec191061820d1e8983e6480ebee3e303b7284eb
size 258
